python : Traceback 
(most recent call 
last):
At line:1 char:1
+ python 
test_model.py > 
test_output.txt 
2>&1; Get-Content 
test_output. ...
+ ~~~~~~~~~~~~~~~~~~~
~~~~~~~~~~~~~~~~~~~~~
~~~
    + CategoryInfo   
           : NotSpe  
  cified: (Traceba   
 ck (most recent     
call last)::Stri    
ng) [], RemoteEx    
ception
    + FullyQualified 
   ErrorId : Native  
  CommandError
 
  File "C:\Users\Krus
hna\gp\df\deepfake_de
tection\test_model.py
", line 4, in 
<module>
    from detect 
import 
DeepfakeInference
  File "C:\Users\Krus
hna\gp\df\deepfake_de
tection\detect.py", 
line 17, in <module>
    from config 
import DEVICE, 
IMAGE_SIZE, 
FRAMES_PER_VIDEO, 
MODEL_DIR, OUTPUT_DIR
  File "C:\Users\Krus
hna\gp\df\deepfake_de
tection\config.py", 
line 69, in <module>
    print(f"\U0001f5a
5\ufe0f  Device: 
{DEVICE}")
    ~~~~~^^^^^^^^^^^^
^^^^^^^^^^^^^
  File "D:\Krushna\Li
b\encodings\cp1252.py
", line 19, in encode
    return codecs.cha
rmap_encode(input,sel
f.errors,encoding_tab
le)[0]
           ~~~~~~~~~~
~~~~~~~~~~~^^^^^^^^^^
^^^^^^^^^^^^^^^^^^^^^
^^^
UnicodeEncodeError: 
'charmap' codec 
can't encode 
characters in 
position 0-1: 
character maps to 
<undefined>
